------------------------------------------------------------
Timing Analyzer Summary
------------------------------------------------------------

Type  : Slow 1200mV 85C Model Setup 'clk_pixel'
Slack : -8.345
TNS   : -2448.608

Type  : Slow 1200mV 85C Model Setup 'clk_audio'
Slack : -1.290
TNS   : -9.448

Type  : Slow 1200mV 85C Model Setup 'clk_pixel_x5'
Slack : -1.228
TNS   : -42.426

Type  : Slow 1200mV 85C Model Hold 'clk_audio'
Slack : 0.321
TNS   : 0.000

Type  : Slow 1200mV 85C Model Hold 'clk_pixel'
Slack : 0.325
TNS   : 0.000

Type  : Slow 1200mV 85C Model Hold 'clk_pixel_x5'
Slack : 0.363
TNS   : 0.000

Type  : Slow 1200mV 85C Model Minimum Pulse Width 'clk_pixel'
Slack : -3.000
TNS   : -734.978

Type  : Slow 1200mV 85C Model Minimum Pulse Width 'clk_pixel_x5'
Slack : -3.000
TNS   : -79.986

Type  : Slow 1200mV 85C Model Minimum Pulse Width 'clk_audio'
Slack : -3.000
TNS   : -54.324

Type  : Slow 1200mV 0C Model Setup 'clk_pixel'
Slack : -7.484
TNS   : -2166.251

Type  : Slow 1200mV 0C Model Setup 'clk_audio'
Slack : -1.063
TNS   : -7.560

Type  : Slow 1200mV 0C Model Setup 'clk_pixel_x5'
Slack : -1.022
TNS   : -32.353

Type  : Slow 1200mV 0C Model Hold 'clk_audio'
Slack : 0.294
TNS   : 0.000

Type  : Slow 1200mV 0C Model Hold 'clk_pixel'
Slack : 0.295
TNS   : 0.000

Type  : Slow 1200mV 0C Model Hold 'clk_pixel_x5'
Slack : 0.338
TNS   : 0.000

Type  : Slow 1200mV 0C Model Minimum Pulse Width 'clk_pixel'
Slack : -3.000
TNS   : -734.978

Type  : Slow 1200mV 0C Model Minimum Pulse Width 'clk_pixel_x5'
Slack : -3.000
TNS   : -79.986

Type  : Slow 1200mV 0C Model Minimum Pulse Width 'clk_audio'
Slack : -3.000
TNS   : -54.324

Type  : Fast 1200mV 0C Model Setup 'clk_pixel'
Slack : -3.472
TNS   : -929.353

Type  : Fast 1200mV 0C Model Setup 'clk_audio'
Slack : -0.100
TNS   : -0.309

Type  : Fast 1200mV 0C Model Setup 'clk_pixel_x5'
Slack : -0.066
TNS   : -0.411

Type  : Fast 1200mV 0C Model Hold 'clk_audio'
Slack : 0.145
TNS   : 0.000

Type  : Fast 1200mV 0C Model Hold 'clk_pixel'
Slack : 0.148
TNS   : 0.000

Type  : Fast 1200mV 0C Model Hold 'clk_pixel_x5'
Slack : 0.160
TNS   : 0.000

Type  : Fast 1200mV 0C Model Minimum Pulse Width 'clk_pixel'
Slack : -3.000
TNS   : -617.297

Type  : Fast 1200mV 0C Model Minimum Pulse Width 'clk_pixel_x5'
Slack : -3.000
TNS   : -68.075

Type  : Fast 1200mV 0C Model Minimum Pulse Width 'clk_audio'
Slack : -3.000
TNS   : -46.073

------------------------------------------------------------
